
[1m== PostgreSQL ==[0m
OK    PostgreSQL is ready on 5436

[1m== Kafka ==[0m
OK    Kafka is ready on 9092
OK    the two topics exist before anything subscribes to them

[1m== Ledger ==[0m
OK    the ledger is up
OK    the ledger process is 9908, on port 8080

[1m== Fraud scoring ==[0m
OK    the scorer is up
OK    the fraud-scoring process is 9921, on port 9102

[1m== Driver ==[0m
  it writes the public key, then waits for the gateway - its output follows below
OK    the driver wrote its public key

[1m== Gateway ==[0m
OK    the gateway is up

[1m== Run ==[0m
  seeding and then executing; this takes as long as the compressed day does
  metrics: http://localhost:9100/metrics   and the gateway's own on :9091

== Proxy ==
  [::]:8079 in front of http://localhost:8080, adding nothing until a condition says so

TB-WORKLOAD-DAY-V1  1.0.0  digest d887de999bad

  Business date   2026-03-02 (Monday)
  Window          00:00 to 20:00
  Seed            42          commit 7042c59
  Scale           0.002          Compression 720x
  Events          44721
  Offered rate    447.2/s mean, 826.2/s peak     (what this run will produce)
  Gateway         http://localhost:8081
  Currency        PLN - every account is opened in it
  Keys            public key written to /var/folders/l5/zrnsrg0s0d56xhgg4g660hy00000gn/T//tessera-workload-keys.pem
  Metrics         http://localhost:9100/metrics

== Seeding ==
  80001 accounts the population declares, opening balance 10000000000 PLN each, 8 at a time
  opened 80001, already open 0, funded 80000, replayed 0, in 4m21.016s

== Run ==
  20h00m of business time at 720x, so about 1m40s of wall clock

  settling for 15s so the relay and the scorer can catch up
  the relay published the run's last 23897 events in 2m16s

== Outcome ==
  scheduled 44767, sent 44762, elapsed 1m40s
  money movement   posted 12007
  reads            posted 32755
  unsent           5 (no-reference-yet)

== Latency, from the intended send time ==
  mean 3ms   p50 5ms   p95 10ms   p99 25ms   max 53ms

== The driver itself ==
  peak in flight 23 (expected never exceeded), schedule lag max 4ms
  retries 0, currency substituted 898, refused 0

== Reconciliation against the ledger's own count ==
  outcome      driver   ledger   
  posted        12007    12007   ok        
  replayed          0        0   ok        
  rejected          0        0   ok        
  refused           0        0   ok        - the gateway refused these; they never reached the ledger
  unknown           0        0   ok        - the ledger's failures are a lower bound: an answer may have been lost on the way back

[1m== Outbox ==[0m
OK    the relay drained everything this run produced; lag 0.0s

  ledger log   /var/folders/l5/zrnsrg0s0d56xhgg4g660hy00000gn/T//tessera-workload-ledger.log
  gateway log  /var/folders/l5/zrnsrg0s0d56xhgg4g660hy00000gn/T//tessera-workload-gateway.log
  scorer log   /var/folders/l5/zrnsrg0s0d56xhgg4g660hy00000gn/T//tessera-workload-fraud.log
  manifest     /var/folders/l5/zrnsrg0s0d56xhgg4g660hy00000gn/T//tessera-two-phase/run-manifest.json

== stopping ==
[4]+  Terminated: 15          TB_GATEWAY_LEDGER_URL="http://localhost:$LEDGER_PROXY_PORT/v1" TB_GATEWAY_JWT_ISSUER="https://issuer.tesserabank.example" TB_GATEWAY_JWT_AUDIENCE="tessera-bank-ledger" TB_GATEWAY_JWT_KEYS="$KEYS" TB_GATEWAY_LISTEN=":$GATEWAY_PORT" TB_GATEWAY_ADMIN_LISTEN=":$GATEWAY_ADMIN_PORT" TB_GATEWAY_RATE_PER_SECOND="${TB_GATEWAY_RATE_PER_SECOND:-20}" TB_GATEWAY_RATE_BURST="${TB_GATEWAY_RATE_BURST:-40}" go -C "$ROOT/edge/api-gateway" run ./cmd/gateway > "${TMPDIR:-/tmp}/tessera-workload-gateway.log" 2>&1
